
*** Running vivado
    with args -log displayTestNexys.vds -m64 -product Vivado -mode batch -messageDb vivado.pb -notrace -source displayTestNexys.tcl


ECHO is off.
ECHO is off.

****** Vivado v2023.2 (64-bit)
  **** SW Build 4029153 on Fri Oct 13 20:14:34 MDT 2023
  **** IP Build 4028589 on Sat Oct 14 00:45:43 MDT 2023
  **** SharedData Build 4025554 on Tue Oct 10 17:18:54 MDT 2023
    ** Copyright 1986-2022 Xilinx, Inc. All Rights Reserved.
    ** Copyright 2022-2023 Advanced Micro Devices, Inc. All Rights Reserved.

source displayTestNexys.tcl -notrace
create_project: Time (s): cpu = 00:00:16 ; elapsed = 00:00:19 . Memory (MB): peak = 468.301 ; gain = 184.133
Command: read_checkpoint -auto_incremental -incremental C:/Users/gaoke/Documents/GitHub/FPGA_Stuff/Lab_1/Lab_1.srcs/utils_1/imports/synth_1/displayTestBoolean.dcp
INFO: [Vivado 12-5825] Read reference checkpoint from C:/Users/gaoke/Documents/GitHub/FPGA_Stuff/Lab_1/Lab_1.srcs/utils_1/imports/synth_1/displayTestBoolean.dcp for incremental synthesis
INFO: [Vivado 12-7989] Please ensure there are no constraint changes
Command: synth_design -top displayTestNexys -part xc7a100tcsg324-1
Starting synth_design
Attempting to get a license for feature 'Synthesis' and/or device 'xc7a100t'
INFO: [Common 17-349] Got license for feature 'Synthesis' and/or device 'xc7a100t'
INFO: [Device 21-403] Loading part xc7a100tcsg324-1
INFO: [Designutils 20-5440] No compile time benefit to using incremental synthesis; A full resynthesis will be run
INFO: [Designutils 20-4379] Flow is switching to default flow due to incremental criteria not met. If you would like to alter this behaviour and have the flow terminate instead, please set the following parameter config_implementation {autoIncr.Synth.RejectBehavior Terminate}
INFO: [Synth 8-7079] Multithreading enabled for synth_design using a maximum of 2 processes.
INFO: [Synth 8-7078] Launching helper process for spawning children vivado processes
INFO: [Synth 8-7075] Helper process launched with PID 30948
---------------------------------------------------------------------------------
Starting RTL Elaboration : Time (s): cpu = 00:00:16 ; elapsed = 00:00:18 . Memory (MB): peak = 1322.281 ; gain = 440.617
---------------------------------------------------------------------------------
INFO: [Synth 8-6157] synthesizing module 'displayTestNexys' [C:/Users/gaoke/Documents/GitHub/FPGA_Stuff/Lab_1/Lab_1.srcs/sources_1/imports/FPGA_Stuff/Lab_1/displayTestNexys.v:3]
INFO: [Synth 8-6157] synthesizing module 'displayBoardCore' [C:/Users/gaoke/Documents/GitHub/FPGA_Stuff/Lab_1/Lab_1.srcs/sources_1/imports/FPGA_Stuff/Lab_1/displayBoardCore.v:4]
	Parameter FIXED_TEST bound to: 1 - type: integer 
	Parameter SLOT_CYCLES bound to: 5000 - type: integer 
INFO: [Synth 8-6157] synthesizing module 'clockReset7Series' [C:/Users/gaoke/Documents/GitHub/FPGA_Stuff/Lab_1/Lab_1.srcs/sources_1/imports/FPGA_Stuff/Lab_1/clockReset7Series.v:4]
INFO: [Synth 8-6157] synthesizing module 'IBUF' [C:/Xilinx/Vivado/2023.2/scripts/rt/data/unisim_comp.v:73631]
INFO: [Synth 8-6155] done synthesizing module 'IBUF' (0#1) [C:/Xilinx/Vivado/2023.2/scripts/rt/data/unisim_comp.v:73631]
INFO: [Synth 8-6157] synthesizing module 'BUFG' [C:/Xilinx/Vivado/2023.2/scripts/rt/data/unisim_comp.v:1951]
INFO: [Synth 8-6155] done synthesizing module 'BUFG' (0#1) [C:/Xilinx/Vivado/2023.2/scripts/rt/data/unisim_comp.v:1951]
INFO: [Synth 8-6157] synthesizing module 'MMCME2_BASE' [C:/Xilinx/Vivado/2023.2/scripts/rt/data/unisim_comp.v:82294]
	Parameter BANDWIDTH bound to: OPTIMIZED - type: string 
	Parameter CLKFBOUT_MULT_F bound to: 6.000000 - type: double 
	Parameter CLKIN1_PERIOD bound to: 10.000000 - type: double 
	Parameter CLKOUT0_DIVIDE_F bound to: 120.000000 - type: double 
	Parameter CLKOUT0_DUTY_CYCLE bound to: 0.500000 - type: double 
	Parameter DIVCLK_DIVIDE bound to: 1 - type: integer 
	Parameter STARTUP_WAIT bound to: FALSE - type: string 
INFO: [Synth 8-6155] done synthesizing module 'MMCME2_BASE' (0#1) [C:/Xilinx/Vivado/2023.2/scripts/rt/data/unisim_comp.v:82294]
INFO: [Synth 8-6155] done synthesizing module 'clockReset7Series' (0#1) [C:/Users/gaoke/Documents/GitHub/FPGA_Stuff/Lab_1/Lab_1.srcs/sources_1/imports/FPGA_Stuff/Lab_1/clockReset7Series.v:4]
INFO: [Synth 8-6157] synthesizing module 'displayInterface' [C:/Users/gaoke/Documents/GitHub/FPGA_Stuff/Lab_1/Lab_1.srcs/sources_1/imports/FPGA_Stuff/Lab_1/displayInterface.v:5]
	Parameter NDIGIT bound to: 5 - type: integer 
	Parameter SLOT_CYCLES bound to: 5000 - type: integer 
INFO: [Synth 8-6157] synthesizing module 'scan_controller' [C:/Users/gaoke/Documents/GitHub/FPGA_Stuff/Lab_1/Lab_1.srcs/sources_1/imports/FPGA_Stuff/Lab_1/scan_controller.v:5]
	Parameter NDIGIT bound to: 5 - type: integer 
	Parameter SLOT_CYCLES bound to: 5000 - type: integer 
INFO: [Synth 8-6155] done synthesizing module 'scan_controller' (0#1) [C:/Users/gaoke/Documents/GitHub/FPGA_Stuff/Lab_1/Lab_1.srcs/sources_1/imports/FPGA_Stuff/Lab_1/scan_controller.v:5]
INFO: [Synth 8-6157] synthesizing module 'digit_selector' [C:/Users/gaoke/Documents/GitHub/FPGA_Stuff/Lab_1/Lab_1.srcs/sources_1/imports/FPGA_Stuff/Lab_1/digit_selector.v:5]
	Parameter NDIGIT bound to: 5 - type: integer 
INFO: [Synth 8-6155] done synthesizing module 'digit_selector' (0#1) [C:/Users/gaoke/Documents/GitHub/FPGA_Stuff/Lab_1/Lab_1.srcs/sources_1/imports/FPGA_Stuff/Lab_1/digit_selector.v:5]
INFO: [Synth 8-6157] synthesizing module 'segment_driver' [C:/Users/gaoke/Documents/GitHub/FPGA_Stuff/Lab_1/Lab_1.srcs/sources_1/imports/FPGA_Stuff/Lab_1/segment_driver.v:5]
INFO: [Synth 8-6157] synthesizing module 'hex2seg' [C:/Users/gaoke/Documents/GitHub/FPGA_Stuff/Lab_1/Lab_1.srcs/sources_1/imports/FPGA_Stuff/hex2seg.v:23]
INFO: [Synth 8-6155] done synthesizing module 'hex2seg' (0#1) [C:/Users/gaoke/Documents/GitHub/FPGA_Stuff/Lab_1/Lab_1.srcs/sources_1/imports/FPGA_Stuff/hex2seg.v:23]
INFO: [Synth 8-6155] done synthesizing module 'segment_driver' (0#1) [C:/Users/gaoke/Documents/GitHub/FPGA_Stuff/Lab_1/Lab_1.srcs/sources_1/imports/FPGA_Stuff/Lab_1/segment_driver.v:5]
INFO: [Synth 8-6157] synthesizing module 'digit_driver' [C:/Users/gaoke/Documents/GitHub/FPGA_Stuff/Lab_1/Lab_1.srcs/sources_1/imports/FPGA_Stuff/Lab_1/digit_driver.v:4]
	Parameter NDIGIT bound to: 5 - type: integer 
INFO: [Synth 8-6155] done synthesizing module 'digit_driver' (0#1) [C:/Users/gaoke/Documents/GitHub/FPGA_Stuff/Lab_1/Lab_1.srcs/sources_1/imports/FPGA_Stuff/Lab_1/digit_driver.v:4]
INFO: [Synth 8-6155] done synthesizing module 'displayInterface' (0#1) [C:/Users/gaoke/Documents/GitHub/FPGA_Stuff/Lab_1/Lab_1.srcs/sources_1/imports/FPGA_Stuff/Lab_1/displayInterface.v:5]
INFO: [Synth 8-6155] done synthesizing module 'displayBoardCore' (0#1) [C:/Users/gaoke/Documents/GitHub/FPGA_Stuff/Lab_1/Lab_1.srcs/sources_1/imports/FPGA_Stuff/Lab_1/displayBoardCore.v:4]
INFO: [Synth 8-6155] done synthesizing module 'displayTestNexys' (0#1) [C:/Users/gaoke/Documents/GitHub/FPGA_Stuff/Lab_1/Lab_1.srcs/sources_1/imports/FPGA_Stuff/Lab_1/displayTestNexys.v:3]
WARNING: [Synth 8-6014] Unused sequential element testCount_reg was removed.  [C:/Users/gaoke/Documents/GitHub/FPGA_Stuff/Lab_1/Lab_1.srcs/sources_1/imports/FPGA_Stuff/Lab_1/displayBoardCore.v:31]
---------------------------------------------------------------------------------
Finished RTL Elaboration : Time (s): cpu = 00:00:20 ; elapsed = 00:00:23 . Memory (MB): peak = 1430.164 ; gain = 548.500
---------------------------------------------------------------------------------
---------------------------------------------------------------------------------
Start Handling Custom Attributes
---------------------------------------------------------------------------------
---------------------------------------------------------------------------------
Finished Handling Custom Attributes : Time (s): cpu = 00:00:21 ; elapsed = 00:00:24 . Memory (MB): peak = 1430.164 ; gain = 548.500
---------------------------------------------------------------------------------
---------------------------------------------------------------------------------
Finished RTL Optimization Phase 1 : Time (s): cpu = 00:00:21 ; elapsed = 00:00:24 . Memory (MB): peak = 1430.164 ; gain = 548.500
---------------------------------------------------------------------------------
Netlist sorting complete. Time (s): cpu = 00:00:00 ; elapsed = 00:00:00.003 . Memory (MB): peak = 1430.164 ; gain = 0.000
INFO: [Netlist 29-17] Analyzing 1 Unisim elements for replacement
INFO: [Netlist 29-28] Unisim Transformation completed in 0 CPU seconds
INFO: [Project 1-570] Preparing netlist for logic optimization

Processing XDC Constraints
Initializing timing engine
Parsing XDC File [C:/Users/gaoke/Documents/GitHub/FPGA_Stuff/Lab_1/Lab_1.srcs/constrs_1/imports/Lab_1/Nexys_A7_Display.xdc]
Finished Parsing XDC File [C:/Users/gaoke/Documents/GitHub/FPGA_Stuff/Lab_1/Lab_1.srcs/constrs_1/imports/Lab_1/Nexys_A7_Display.xdc]
INFO: [Project 1-236] Implementation specific constraints were found while reading constraint file [C:/Users/gaoke/Documents/GitHub/FPGA_Stuff/Lab_1/Lab_1.srcs/constrs_1/imports/Lab_1/Nexys_A7_Display.xdc]. These constraints will be ignored for synthesis but will be used in implementation. Impacted constraints are listed in the file [.Xil/displayTestNexys_propImpl.xdc].
Resolution: To avoid this warning, move constraints listed in [.Xil/displayTestNexys_propImpl.xdc] to another XDC file and exclude this new file from synthesis with the used_in_synthesis property (File Properties dialog in GUI) and re-run elaboration/synthesis.
INFO: [Timing 38-2] Deriving generated clocks
Completed Processing XDC Constraints

Netlist sorting complete. Time (s): cpu = 00:00:00 ; elapsed = 00:00:00.001 . Memory (MB): peak = 1511.836 ; gain = 0.000
INFO: [Project 1-111] Unisim Transformation Summary:
  A total of 1 instances were transformed.
  MMCME2_BASE => MMCME2_ADV: 1 instance 

The system cannot find the path specified.
Constraint Validation Runtime : Time (s): cpu = 00:00:00 ; elapsed = 00:00:00.009 . Memory (MB): peak = 1511.836 ; gain = 0.000
INFO: [Designutils 20-5440] No compile time benefit to using incremental synthesis; A full resynthesis will be run
INFO: [Designutils 20-4379] Flow is switching to default flow due to incremental criteria not met. If you would like to alter this behaviour and have the flow terminate instead, please set the following parameter config_implementation {autoIncr.Synth.RejectBehavior Terminate}
---------------------------------------------------------------------------------
Finished Constraint Validation : Time (s): cpu = 00:00:43 ; elapsed = 00:00:48 . Memory (MB): peak = 1511.836 ; gain = 630.172
---------------------------------------------------------------------------------
---------------------------------------------------------------------------------
Start Loading Part and Timing Information
---------------------------------------------------------------------------------
Loading part: xc7a100tcsg324-1
---------------------------------------------------------------------------------
Finished Loading Part and Timing Information : Time (s): cpu = 00:00:43 ; elapsed = 00:00:48 . Memory (MB): peak = 1511.836 ; gain = 630.172
---------------------------------------------------------------------------------
---------------------------------------------------------------------------------
Start Applying 'set_property' XDC Constraints
---------------------------------------------------------------------------------
---------------------------------------------------------------------------------
Finished applying 'set_property' XDC Constraints : Time (s): cpu = 00:00:43 ; elapsed = 00:00:48 . Memory (MB): peak = 1511.836 ; gain = 630.172
---------------------------------------------------------------------------------
---------------------------------------------------------------------------------
Finished RTL Optimization Phase 2 : Time (s): cpu = 00:00:44 ; elapsed = 00:00:48 . Memory (MB): peak = 1511.836 ; gain = 630.172
---------------------------------------------------------------------------------
---------------------------------------------------------------------------------
Start RTL Component Statistics 
---------------------------------------------------------------------------------
Detailed RTL Component Info : 
+---Adders : 
	   2 Input    3 Bit       Adders := 1     
+---Registers : 
	                6 Bit    Registers := 2     
	                4 Bit    Registers := 1     
	                3 Bit    Registers := 1     
	                2 Bit    Registers := 1     
	                1 Bit    Registers := 2     
+---Muxes : 
	   2 Input    8 Bit        Muxes := 4     
	   2 Input    4 Bit        Muxes := 1     
	   2 Input    3 Bit        Muxes := 4     
	   2 Input    1 Bit        Muxes := 2     
---------------------------------------------------------------------------------
Finished RTL Component Statistics 
---------------------------------------------------------------------------------
---------------------------------------------------------------------------------
Start Part Resource Summary
---------------------------------------------------------------------------------
Part Resources:
DSPs: 240 (col length:80)
BRAMs: 270 (col length: RAMB18 80 RAMB36 40)
---------------------------------------------------------------------------------
Finished Part Resource Summary
---------------------------------------------------------------------------------
---------------------------------------------------------------------------------
Start Cross Boundary and Area Optimization
---------------------------------------------------------------------------------
WARNING: [Synth 8-7080] Parallel synthesis criteria is not met
---------------------------------------------------------------------------------
Finished Cross Boundary and Area Optimization : Time (s): cpu = 00:00:49 ; elapsed = 00:00:54 . Memory (MB): peak = 1511.836 ; gain = 630.172
---------------------------------------------------------------------------------
---------------------------------------------------------------------------------
Start Applying XDC Timing Constraints
---------------------------------------------------------------------------------
---------------------------------------------------------------------------------
Finished Applying XDC Timing Constraints : Time (s): cpu = 00:01:04 ; elapsed = 00:01:10 . Memory (MB): peak = 1511.836 ; gain = 630.172
---------------------------------------------------------------------------------
---------------------------------------------------------------------------------
Start Timing Optimization
---------------------------------------------------------------------------------
---------------------------------------------------------------------------------
Finished Timing Optimization : Time (s): cpu = 00:01:04 ; elapsed = 00:01:11 . Memory (MB): peak = 1511.836 ; gain = 630.172
---------------------------------------------------------------------------------
---------------------------------------------------------------------------------
Start Technology Mapping
---------------------------------------------------------------------------------
---------------------------------------------------------------------------------
Finished Technology Mapping : Time (s): cpu = 00:01:04 ; elapsed = 00:01:11 . Memory (MB): peak = 1511.836 ; gain = 630.172
---------------------------------------------------------------------------------
---------------------------------------------------------------------------------
Start IO Insertion
---------------------------------------------------------------------------------
---------------------------------------------------------------------------------
Start Flattening Before IO Insertion
---------------------------------------------------------------------------------
---------------------------------------------------------------------------------
Finished Flattening Before IO Insertion
---------------------------------------------------------------------------------
---------------------------------------------------------------------------------
Start Final Netlist Cleanup
---------------------------------------------------------------------------------
---------------------------------------------------------------------------------
Finished Final Netlist Cleanup
---------------------------------------------------------------------------------
---------------------------------------------------------------------------------
Finished IO Insertion : Time (s): cpu = 00:01:17 ; elapsed = 00:01:24 . Memory (MB): peak = 1511.836 ; gain = 630.172
---------------------------------------------------------------------------------
---------------------------------------------------------------------------------
Start Renaming Generated Instances
---------------------------------------------------------------------------------
---------------------------------------------------------------------------------
Finished Renaming Generated Instances : Time (s): cpu = 00:01:17 ; elapsed = 00:01:24 . Memory (MB): peak = 1511.836 ; gain = 630.172
---------------------------------------------------------------------------------
---------------------------------------------------------------------------------
Start Rebuilding User Hierarchy
---------------------------------------------------------------------------------
---------------------------------------------------------------------------------
Finished Rebuilding User Hierarchy : Time (s): cpu = 00:01:17 ; elapsed = 00:01:24 . Memory (MB): peak = 1511.836 ; gain = 630.172
---------------------------------------------------------------------------------
---------------------------------------------------------------------------------
Start Renaming Generated Ports
---------------------------------------------------------------------------------
---------------------------------------------------------------------------------
Finished Renaming Generated Ports : Time (s): cpu = 00:01:17 ; elapsed = 00:01:24 . Memory (MB): peak = 1511.836 ; gain = 630.172
---------------------------------------------------------------------------------
---------------------------------------------------------------------------------
Start Handling Custom Attributes
---------------------------------------------------------------------------------
---------------------------------------------------------------------------------
Finished Handling Custom Attributes : Time (s): cpu = 00:01:17 ; elapsed = 00:01:24 . Memory (MB): peak = 1511.836 ; gain = 630.172
---------------------------------------------------------------------------------
---------------------------------------------------------------------------------
Start Renaming Generated Nets
---------------------------------------------------------------------------------
---------------------------------------------------------------------------------
Finished Renaming Generated Nets : Time (s): cpu = 00:01:17 ; elapsed = 00:01:24 . Memory (MB): peak = 1511.836 ; gain = 630.172
---------------------------------------------------------------------------------
---------------------------------------------------------------------------------
Start Writing Synthesis Report
---------------------------------------------------------------------------------

Report BlackBoxes: 
+-+--------------+----------+
| |BlackBox name |Instances |
+-+--------------+----------+
+-+--------------+----------+

Report Cell Usage: 
+------+------------+------+
|      |Cell        |Count |
+------+------------+------+
|1     |BUFG        |     2|
|2     |CARRY4      |     4|
|3     |LUT1        |     2|
|4     |LUT2        |     4|
|5     |LUT3        |     8|
|6     |LUT4        |     4|
|7     |LUT5        |    15|
|8     |LUT6        |    11|
|9     |MMCME2_BASE |     1|
|10    |FDPE        |     2|
|11    |FDRE        |    33|
|12    |IBUF        |     8|
|13    |OBUF        |    16|
+------+------------+------+
---------------------------------------------------------------------------------
Finished Writing Synthesis Report : Time (s): cpu = 00:01:17 ; elapsed = 00:01:24 . Memory (MB): peak = 1511.836 ; gain = 630.172
---------------------------------------------------------------------------------
Synthesis finished with 0 errors, 0 critical warnings and 1 warnings.
Synthesis Optimization Runtime : Time (s): cpu = 00:00:51 ; elapsed = 00:01:18 . Memory (MB): peak = 1511.836 ; gain = 548.500
Synthesis Optimization Complete : Time (s): cpu = 00:01:17 ; elapsed = 00:01:24 . Memory (MB): peak = 1511.836 ; gain = 630.172
INFO: [Project 1-571] Translating synthesized netlist
Netlist sorting complete. Time (s): cpu = 00:00:00 ; elapsed = 00:00:00.003 . Memory (MB): peak = 1511.836 ; gain = 0.000
INFO: [Netlist 29-17] Analyzing 5 Unisim elements for replacement
INFO: [Netlist 29-28] Unisim Transformation completed in 0 CPU seconds
INFO: [Project 1-570] Preparing netlist for logic optimization
INFO: [Opt 31-138] Pushed 0 inverter(s) to 0 load pin(s).
Netlist sorting complete. Time (s): cpu = 00:00:00 ; elapsed = 00:00:00 . Memory (MB): peak = 1511.836 ; gain = 0.000
INFO: [Project 1-111] Unisim Transformation Summary:
  A total of 1 instances were transformed.
  MMCME2_BASE => MMCME2_ADV: 1 instance 

The system cannot find the path specified.
Synth Design complete | Checksum: fa6a763f
INFO: [Common 17-83] Releasing license: Synthesis
48 Infos, 2 Warnings, 0 Critical Warnings and 0 Errors encountered.
synth_design completed successfully
synth_design: Time (s): cpu = 00:01:31 ; elapsed = 00:01:44 . Memory (MB): peak = 1511.836 ; gain = 1040.613
Write ShapeDB Complete: Time (s): cpu = 00:00:00 ; elapsed = 00:00:00.004 . Memory (MB): peak = 1511.836 ; gain = 0.000
INFO: [Common 17-1381] The checkpoint 'C:/Users/gaoke/Documents/GitHub/FPGA_Stuff/Lab_1/Lab_1.runs/synth_1/displayTestNexys.dcp' has been generated.
INFO: [runtcl-4] Executing : report_utilization -file displayTestNexys_utilization_synth.rpt -pb displayTestNexys_utilization_synth.pb
INFO: [Common 17-206] Exiting Vivado at Thu Oct  8 11:09:14 2026...
