Copyright 1986-2022 Xilinx, Inc. All Rights Reserved. Copyright 2022-2023 Advanced Micro Devices, Inc. All Rights Reserved.
------------------------------------------------------------------------------------------------------------------------------------------------------------------------------------------------------------------
| Tool Version : Vivado v.2023.2 (win64) Build 4029153 Fri Oct 13 20:14:34 MDT 2023
| Date         : Thu Oct  1 12:09:02 2026
| Host         : Kelvin running 64-bit major release  (build 9200)
| Command      : report_timing_summary -max_paths 10 -report_unconstrained -file shifter_timing_summary_routed.rpt -pb shifter_timing_summary_routed.pb -rpx shifter_timing_summary_routed.rpx -warn_on_violation
| Design       : shifter
| Device       : 7a100t-csg324
| Speed File   : -1  PRODUCTION 1.23 2018-06-13
| Design State : Routed
------------------------------------------------------------------------------------------------------------------------------------------------------------------------------------------------------------------

Timing Summary Report

------------------------------------------------------------------------------------------------
| Timer Settings
| --------------
------------------------------------------------------------------------------------------------

  Enable Multi Corner Analysis               :  Yes
  Enable Pessimism Removal                   :  Yes
  Pessimism Removal Resolution               :  Nearest Common Node
  Enable Input Delay Default Clock           :  No
  Enable Preset / Clear Arcs                 :  No
  Disable Flight Delays                      :  No
  Ignore I/O Paths                           :  No
  Timing Early Launch at Borrowing Latches   :  No
  Borrow Time for Max Delay Exceptions       :  Yes
  Merge Timing Exceptions                    :  Yes
  Inter-SLR Compensation                     :  Conservative

  Corner  Analyze    Analyze    
  Name    Max Paths  Min Paths  
  ------  ---------  ---------  
  Slow    Yes        Yes        
  Fast    Yes        Yes        


------------------------------------------------------------------------------------------------
| Report Methodology
| ------------------
------------------------------------------------------------------------------------------------

Rule       Severity          Description                  Violations  
---------  ----------------  ---------------------------  ----------  
TIMING-17  Critical Warning  Non-clocked sequential cell  57          

Note: This report is based on the most recent report_methodology run and may not be up-to-date. Run report_methodology on the current design for the latest report.



check_timing report

Table of Contents
-----------------
1. checking no_clock (57)
2. checking constant_clock (0)
3. checking pulse_width_clock (0)
4. checking unconstrained_internal_endpoints (83)
5. checking no_input_delay (1)
6. checking no_output_delay (16)
7. checking multiple_clock (0)
8. checking generated_clocks (0)
9. checking loops (0)
10. checking partial_input_delay (0)
11. checking partial_output_delay (0)
12. checking latch_loops (0)

1. checking no_clock (57)
-------------------------
 There are 27 register/latch pins with no clock driven by root clock pin: clk (HIGH)

 There are 30 register/latch pins with no clock driven by root clock pin: clk_1HZ_reg/Q (HIGH)


2. checking constant_clock (0)
------------------------------
 There are 0 register/latch pins with constant_clock.


3. checking pulse_width_clock (0)
---------------------------------
 There are 0 register/latch pins which need pulse_width check


4. checking unconstrained_internal_endpoints (83)
-------------------------------------------------
 There are 83 pins that are not constrained for maximum delay. (HIGH)

 There are 0 pins that are not constrained for maximum delay due to constant clock.


5. checking no_input_delay (1)
------------------------------
 There is 1 input port with no input delay specified. (HIGH)

 There are 0 input ports with no input delay but user has a false path constraint.


6. checking no_output_delay (16)
--------------------------------
 There are 16 ports with no output delay specified. (HIGH)

 There are 0 ports with no output delay but user has a false path constraint

 There are 0 ports with no output delay but with a timing clock defined on it or propagating through it


7. checking multiple_clock (0)
------------------------------
 There are 0 register/latch pins with multiple clocks.


8. checking generated_clocks (0)
--------------------------------
 There are 0 generated clocks that are not connected to a clock source.


9. checking loops (0)
---------------------
 There are 0 combinational loops in the design.


10. checking partial_input_delay (0)
------------------------------------
 There are 0 input ports with partial input delay specified.


11. checking partial_output_delay (0)
-------------------------------------
 There are 0 ports with partial output delay specified.


12. checking latch_loops (0)
----------------------------
 There are 0 combinational latch loops in the design through latch input



------------------------------------------------------------------------------------------------
| Design Timing Summary
| ---------------------
------------------------------------------------------------------------------------------------

    WNS(ns)      TNS(ns)  TNS Failing Endpoints  TNS Total Endpoints      WHS(ns)      THS(ns)  THS Failing Endpoints  THS Total Endpoints     WPWS(ns)     TPWS(ns)  TPWS Failing Endpoints  TPWS Total Endpoints  
    -------      -------  ---------------------  -------------------      -------      -------  ---------------------  -------------------     --------     --------  ----------------------  --------------------  
        inf        0.000                      0                   99          inf        0.000                      0                   99           NA           NA                      NA                    NA  


There are no user specified timing constraints.


------------------------------------------------------------------------------------------------
| Clock Summary
| -------------
------------------------------------------------------------------------------------------------


------------------------------------------------------------------------------------------------
| Intra Clock Table
| -----------------
------------------------------------------------------------------------------------------------

Clock             WNS(ns)      TNS(ns)  TNS Failing Endpoints  TNS Total Endpoints      WHS(ns)      THS(ns)  THS Failing Endpoints  THS Total Endpoints     WPWS(ns)     TPWS(ns)  TPWS Failing Endpoints  TPWS Total Endpoints  
-----             -------      -------  ---------------------  -------------------      -------      -------  ---------------------  -------------------     --------     --------  ----------------------  --------------------  


------------------------------------------------------------------------------------------------
| Inter Clock Table
| -----------------
------------------------------------------------------------------------------------------------

From Clock    To Clock          WNS(ns)      TNS(ns)  TNS Failing Endpoints  TNS Total Endpoints      WHS(ns)      THS(ns)  THS Failing Endpoints  THS Total Endpoints  
----------    --------          -------      -------  ---------------------  -------------------      -------      -------  ---------------------  -------------------  


------------------------------------------------------------------------------------------------
| Other Path Groups Table
| -----------------------
------------------------------------------------------------------------------------------------

Path Group    From Clock    To Clock          WNS(ns)      TNS(ns)  TNS Failing Endpoints  TNS Total Endpoints      WHS(ns)      THS(ns)  THS Failing Endpoints  THS Total Endpoints  
----------    ----------    --------          -------      -------  ---------------------  -------------------      -------      -------  ---------------------  -------------------  


------------------------------------------------------------------------------------------------
| User Ignored Path Table
| -----------------------
------------------------------------------------------------------------------------------------

Path Group    From Clock    To Clock    
----------    ----------    --------    


------------------------------------------------------------------------------------------------
| Unconstrained Path Table
| ------------------------
------------------------------------------------------------------------------------------------

Path Group    From Clock    To Clock    
----------    ----------    --------    
(none)                                    


------------------------------------------------------------------------------------------------
| Timing Details
| --------------
------------------------------------------------------------------------------------------------


--------------------------------------------------------------------------------------
Path Group:  (none)
From Clock:  
  To Clock:  

Max Delay            99 Endpoints
Min Delay            99 Endpoints
--------------------------------------------------------------------------------------


Max Delay Paths
--------------------------------------------------------------------------------------
Slack:                    inf
  Source:                 SHIFT_REG_reg[0]/C
                            (rising edge-triggered cell FDRE)
  Destination:            led[0]
                            (output port)
  Path Group:             (none)
  Path Type:              Max at Slow Process Corner
  Data Path Delay:        6.193ns  (logic 3.976ns (64.212%)  route 2.216ns (35.788%))
  Logic Levels:           2  (FDRE=1 OBUF=1)

    Location             Delay type                Incr(ns)  Path(ns)    Netlist Resource(s)
  -------------------------------------------------------------------    -------------------
    SLICE_X0Y101         FDRE                         0.000     0.000 r  SHIFT_REG_reg[0]/C
    SLICE_X0Y101         FDRE (Prop_fdre_C_Q)         0.456     0.456 r  SHIFT_REG_reg[0]/Q
                         net (fo=3, routed)           2.216     2.672    led_OBUF[0]
    H17                  OBUF (Prop_obuf_I_O)         3.520     6.193 r  led_OBUF[0]_inst/O
                         net (fo=0)                   0.000     6.193    led[0]
    H17                                                               r  led[0] (OUT)
  -------------------------------------------------------------------    -------------------

Slack:                    inf
  Source:                 SHIFT_REG_reg[2]_lopt_replica/C
                            (rising edge-triggered cell FDRE)
  Destination:            led[2]
                            (output port)
  Path Group:             (none)
  Path Type:              Max at Slow Process Corner
  Data Path Delay:        5.880ns  (logic 4.009ns (68.171%)  route 1.872ns (31.829%))
  Logic Levels:           2  (FDRE=1 OBUF=1)

    Location             Delay type                Incr(ns)  Path(ns)    Netlist Resource(s)
  -------------------------------------------------------------------    -------------------
    SLICE_X0Y107         FDRE                         0.000     0.000 r  SHIFT_REG_reg[2]_lopt_replica/C
    SLICE_X0Y107         FDRE (Prop_fdre_C_Q)         0.456     0.456 r  SHIFT_REG_reg[2]_lopt_replica/Q
                         net (fo=1, routed)           1.872     2.328    SHIFT_REG_reg[2]_lopt_replica_1
    J13                  OBUF (Prop_obuf_I_O)         3.553     5.880 r  led_OBUF[2]_inst/O
                         net (fo=0)                   0.000     5.880    led[2]
    J13                                                               r  led[2] (OUT)
  -------------------------------------------------------------------    -------------------

Slack:                    inf
  Source:                 SHIFT_REG_reg[15]/C
                            (rising edge-triggered cell FDRE)
  Destination:            led[15]
                            (output port)
  Path Group:             (none)
  Path Type:              Max at Slow Process Corner
  Data Path Delay:        5.839ns  (logic 4.025ns (68.928%)  route 1.814ns (31.072%))
  Logic Levels:           2  (FDRE=1 OBUF=1)

    Location             Delay type                Incr(ns)  Path(ns)    Netlist Resource(s)
  -------------------------------------------------------------------    -------------------
    SLICE_X0Y58          FDRE                         0.000     0.000 r  SHIFT_REG_reg[15]/C
    SLICE_X0Y58          FDRE (Prop_fdre_C_Q)         0.456     0.456 r  SHIFT_REG_reg[15]/Q
                         net (fo=1, routed)           1.814     2.270    led_OBUF[15]
    V11                  OBUF (Prop_obuf_I_O)         3.569     5.839 r  led_OBUF[15]_inst/O
                         net (fo=0)                   0.000     5.839    led[15]
    V11                                                               r  led[15] (OUT)
  -------------------------------------------------------------------    -------------------

Slack:                    inf
  Source:                 SHIFT_REG_reg[7]_lopt_replica/C
                            (rising edge-triggered cell FDRE)
  Destination:            led[7]
                            (output port)
  Path Group:             (none)
  Path Type:              Max at Slow Process Corner
  Data Path Delay:        5.826ns  (logic 4.011ns (68.854%)  route 1.814ns (31.146%))
  Logic Levels:           2  (FDRE=1 OBUF=1)

    Location             Delay type                Incr(ns)  Path(ns)    Netlist Resource(s)
  -------------------------------------------------------------------    -------------------
    SLICE_X0Y65          FDRE                         0.000     0.000 r  SHIFT_REG_reg[7]_lopt_replica/C
    SLICE_X0Y65          FDRE (Prop_fdre_C_Q)         0.456     0.456 r  SHIFT_REG_reg[7]_lopt_replica/Q
                         net (fo=1, routed)           1.814     2.270    SHIFT_REG_reg[7]_lopt_replica_1
    U16                  OBUF (Prop_obuf_I_O)         3.555     5.826 r  led_OBUF[7]_inst/O
                         net (fo=0)                   0.000     5.826    led[7]
    U16                                                               r  led[7] (OUT)
  -------------------------------------------------------------------    -------------------

Slack:                    inf
  Source:                 SHIFT_REG_reg[4]_lopt_replica/C
                            (rising edge-triggered cell FDRE)
  Destination:            led[4]
                            (output port)
  Path Group:             (none)
  Path Type:              Max at Slow Process Corner
  Data Path Delay:        5.820ns  (logic 4.008ns (68.859%)  route 1.812ns (31.141%))
  Logic Levels:           2  (FDRE=1 OBUF=1)

    Location             Delay type                Incr(ns)  Path(ns)    Netlist Resource(s)
  -------------------------------------------------------------------    -------------------
    SLICE_X0Y84          FDRE                         0.000     0.000 r  SHIFT_REG_reg[4]_lopt_replica/C
    SLICE_X0Y84          FDRE (Prop_fdre_C_Q)         0.456     0.456 r  SHIFT_REG_reg[4]_lopt_replica/Q
                         net (fo=1, routed)           1.812     2.268    SHIFT_REG_reg[4]_lopt_replica_1
    R18                  OBUF (Prop_obuf_I_O)         3.552     5.820 r  led_OBUF[4]_inst/O
                         net (fo=0)                   0.000     5.820    led[4]
    R18                                                               r  led[4] (OUT)
  -------------------------------------------------------------------    -------------------

Slack:                    inf
  Source:                 SHIFT_REG_reg[11]_lopt_replica/C
                            (rising edge-triggered cell FDRE)
  Destination:            led[11]
                            (output port)
  Path Group:             (none)
  Path Type:              Max at Slow Process Corner
  Data Path Delay:        5.797ns  (logic 3.987ns (68.783%)  route 1.810ns (31.217%))
  Logic Levels:           2  (FDRE=1 OBUF=1)

    Location             Delay type                Incr(ns)  Path(ns)    Netlist Resource(s)
  -------------------------------------------------------------------    -------------------
    SLICE_X1Y67          FDRE                         0.000     0.000 r  SHIFT_REG_reg[11]_lopt_replica/C
    SLICE_X1Y67          FDRE (Prop_fdre_C_Q)         0.456     0.456 r  SHIFT_REG_reg[11]_lopt_replica/Q
                         net (fo=1, routed)           1.810     2.266    SHIFT_REG_reg[11]_lopt_replica_1
    T16                  OBUF (Prop_obuf_I_O)         3.531     5.797 r  led_OBUF[11]_inst/O
                         net (fo=0)                   0.000     5.797    led[11]
    T16                                                               r  led[11] (OUT)
  -------------------------------------------------------------------    -------------------

Slack:                    inf
  Source:                 SHIFT_REG_reg[10]_lopt_replica/C
                            (rising edge-triggered cell FDRE)
  Destination:            led[10]
                            (output port)
  Path Group:             (none)
  Path Type:              Max at Slow Process Corner
  Data Path Delay:        5.746ns  (logic 4.008ns (69.757%)  route 1.738ns (30.243%))
  Logic Levels:           2  (FDRE=1 OBUF=1)

    Location             Delay type                Incr(ns)  Path(ns)    Netlist Resource(s)
  -------------------------------------------------------------------    -------------------
    SLICE_X0Y62          FDRE                         0.000     0.000 r  SHIFT_REG_reg[10]_lopt_replica/C
    SLICE_X0Y62          FDRE (Prop_fdre_C_Q)         0.456     0.456 r  SHIFT_REG_reg[10]_lopt_replica/Q
                         net (fo=1, routed)           1.738     2.194    SHIFT_REG_reg[10]_lopt_replica_1
    U14                  OBUF (Prop_obuf_I_O)         3.552     5.746 r  led_OBUF[10]_inst/O
                         net (fo=0)                   0.000     5.746    led[10]
    U14                                                               r  led[10] (OUT)
  -------------------------------------------------------------------    -------------------

Slack:                    inf
  Source:                 SHIFT_REG_reg[14]_lopt_replica/C
                            (rising edge-triggered cell FDRE)
  Destination:            led[14]
                            (output port)
  Path Group:             (none)
  Path Type:              Max at Slow Process Corner
  Data Path Delay:        5.725ns  (logic 4.026ns (70.323%)  route 1.699ns (29.677%))
  Logic Levels:           2  (FDRE=1 OBUF=1)

    Location             Delay type                Incr(ns)  Path(ns)    Netlist Resource(s)
  -------------------------------------------------------------------    -------------------
    SLICE_X0Y58          FDRE                         0.000     0.000 r  SHIFT_REG_reg[14]_lopt_replica/C
    SLICE_X0Y58          FDRE (Prop_fdre_C_Q)         0.456     0.456 r  SHIFT_REG_reg[14]_lopt_replica/Q
                         net (fo=1, routed)           1.699     2.155    SHIFT_REG_reg[14]_lopt_replica_1
    V12                  OBUF (Prop_obuf_I_O)         3.570     5.725 r  led_OBUF[14]_inst/O
                         net (fo=0)                   0.000     5.725    led[14]
    V12                                                               r  led[14] (OUT)
  -------------------------------------------------------------------    -------------------

Slack:                    inf
  Source:                 SHIFT_REG_reg[6]_lopt_replica/C
                            (rising edge-triggered cell FDRE)
  Destination:            led[6]
                            (output port)
  Path Group:             (none)
  Path Type:              Max at Slow Process Corner
  Data Path Delay:        5.710ns  (logic 4.011ns (70.243%)  route 1.699ns (29.757%))
  Logic Levels:           2  (FDRE=1 OBUF=1)

    Location             Delay type                Incr(ns)  Path(ns)    Netlist Resource(s)
  -------------------------------------------------------------------    -------------------
    SLICE_X0Y65          FDRE                         0.000     0.000 r  SHIFT_REG_reg[6]_lopt_replica/C
    SLICE_X0Y65          FDRE (Prop_fdre_C_Q)         0.456     0.456 r  SHIFT_REG_reg[6]_lopt_replica/Q
                         net (fo=1, routed)           1.699     2.155    SHIFT_REG_reg[6]_lopt_replica_1
    U17                  OBUF (Prop_obuf_I_O)         3.555     5.710 r  led_OBUF[6]_inst/O
                         net (fo=0)                   0.000     5.710    led[6]
    U17                                                               r  led[6] (OUT)
  -------------------------------------------------------------------    -------------------

Slack:                    inf
  Source:                 SHIFT_REG_reg[3]_lopt_replica/C
                            (rising edge-triggered cell FDRE)
  Destination:            led[3]
                            (output port)
  Path Group:             (none)
  Path Type:              Max at Slow Process Corner
  Data Path Delay:        5.695ns  (logic 4.007ns (70.352%)  route 1.688ns (29.648%))
  Logic Levels:           2  (FDRE=1 OBUF=1)

    Location             Delay type                Incr(ns)  Path(ns)    Netlist Resource(s)
  -------------------------------------------------------------------    -------------------
    SLICE_X0Y84          FDRE                         0.000     0.000 r  SHIFT_REG_reg[3]_lopt_replica/C
    SLICE_X0Y84          FDRE (Prop_fdre_C_Q)         0.456     0.456 r  SHIFT_REG_reg[3]_lopt_replica/Q
                         net (fo=1, routed)           1.688     2.144    SHIFT_REG_reg[3]_lopt_replica_1
    N14                  OBUF (Prop_obuf_I_O)         3.551     5.695 r  led_OBUF[3]_inst/O
                         net (fo=0)                   0.000     5.695    led[3]
    N14                                                               r  led[3] (OUT)
  -------------------------------------------------------------------    -------------------





Min Delay Paths
--------------------------------------------------------------------------------------
Slack:                    inf
  Source:                 SHIFT_REG_reg[5]/C
                            (rising edge-triggered cell FDRE)
  Destination:            SHIFT_REG_reg[6]_lopt_replica/D
  Path Group:             (none)
  Path Type:              Min at Fast Process Corner
  Data Path Delay:        0.260ns  (logic 0.141ns (54.257%)  route 0.119ns (45.743%))
  Logic Levels:           1  (FDRE=1)

    Location             Delay type                Incr(ns)  Path(ns)    Netlist Resource(s)
  -------------------------------------------------------------------    -------------------
    SLICE_X1Y65          FDRE                         0.000     0.000 r  SHIFT_REG_reg[5]/C
    SLICE_X1Y65          FDRE (Prop_fdre_C_Q)         0.141     0.141 r  SHIFT_REG_reg[5]/Q
                         net (fo=2, routed)           0.119     0.260    led_OBUF[5]
    SLICE_X0Y65          FDRE                                         r  SHIFT_REG_reg[6]_lopt_replica/D
  -------------------------------------------------------------------    -------------------

Slack:                    inf
  Source:                 SHIFT_REG_reg[13]/C
                            (rising edge-triggered cell FDRE)
  Destination:            SHIFT_REG_reg[14]_lopt_replica/D
  Path Group:             (none)
  Path Type:              Min at Fast Process Corner
  Data Path Delay:        0.263ns  (logic 0.141ns (53.520%)  route 0.122ns (46.480%))
  Logic Levels:           1  (FDRE=1)

    Location             Delay type                Incr(ns)  Path(ns)    Netlist Resource(s)
  -------------------------------------------------------------------    -------------------
    SLICE_X0Y58          FDRE                         0.000     0.000 r  SHIFT_REG_reg[13]/C
    SLICE_X0Y58          FDRE (Prop_fdre_C_Q)         0.141     0.141 r  SHIFT_REG_reg[13]/Q
                         net (fo=2, routed)           0.122     0.263    led_OBUF[13]
    SLICE_X0Y58          FDRE                                         r  SHIFT_REG_reg[14]_lopt_replica/D
  -------------------------------------------------------------------    -------------------

Slack:                    inf
  Source:                 SHIFT_REG_reg[11]/C
                            (rising edge-triggered cell FDRE)
  Destination:            SHIFT_REG_reg[12]_lopt_replica/D
  Path Group:             (none)
  Path Type:              Min at Fast Process Corner
  Data Path Delay:        0.265ns  (logic 0.141ns (53.133%)  route 0.124ns (46.867%))
  Logic Levels:           1  (FDRE=1)

    Location             Delay type                Incr(ns)  Path(ns)    Netlist Resource(s)
  -------------------------------------------------------------------    -------------------
    SLICE_X1Y67          FDRE                         0.000     0.000 r  SHIFT_REG_reg[11]/C
    SLICE_X1Y67          FDRE (Prop_fdre_C_Q)         0.141     0.141 r  SHIFT_REG_reg[11]/Q
                         net (fo=2, routed)           0.124     0.265    led_OBUF[11]
    SLICE_X1Y67          FDRE                                         r  SHIFT_REG_reg[12]_lopt_replica/D
  -------------------------------------------------------------------    -------------------

Slack:                    inf
  Source:                 SHIFT_REG_reg[3]/C
                            (rising edge-triggered cell FDRE)
  Destination:            SHIFT_REG_reg[4]_lopt_replica/D
  Path Group:             (none)
  Path Type:              Min at Fast Process Corner
  Data Path Delay:        0.267ns  (logic 0.141ns (52.853%)  route 0.126ns (47.147%))
  Logic Levels:           1  (FDRE=1)

    Location             Delay type                Incr(ns)  Path(ns)    Netlist Resource(s)
  -------------------------------------------------------------------    -------------------
    SLICE_X0Y84          FDRE                         0.000     0.000 r  SHIFT_REG_reg[3]/C
    SLICE_X0Y84          FDRE (Prop_fdre_C_Q)         0.141     0.141 r  SHIFT_REG_reg[3]/Q
                         net (fo=2, routed)           0.126     0.267    led_OBUF[3]
    SLICE_X0Y84          FDRE                                         r  SHIFT_REG_reg[4]_lopt_replica/D
  -------------------------------------------------------------------    -------------------

Slack:                    inf
  Source:                 SHIFT_REG_reg[7]/C
                            (rising edge-triggered cell FDRE)
  Destination:            SHIFT_REG_reg[8]_lopt_replica/D
  Path Group:             (none)
  Path Type:              Min at Fast Process Corner
  Data Path Delay:        0.268ns  (logic 0.141ns (52.589%)  route 0.127ns (47.411%))
  Logic Levels:           1  (FDRE=1)

    Location             Delay type                Incr(ns)  Path(ns)    Netlist Resource(s)
  -------------------------------------------------------------------    -------------------
    SLICE_X0Y67          FDRE                         0.000     0.000 r  SHIFT_REG_reg[7]/C
    SLICE_X0Y67          FDRE (Prop_fdre_C_Q)         0.141     0.141 r  SHIFT_REG_reg[7]/Q
                         net (fo=2, routed)           0.127     0.268    led_OBUF[7]
    SLICE_X0Y67          FDRE                                         r  SHIFT_REG_reg[8]_lopt_replica/D
  -------------------------------------------------------------------    -------------------

Slack:                    inf
  Source:                 SHIFT_REG_reg[6]/C
                            (rising edge-triggered cell FDRE)
  Destination:            SHIFT_REG_reg[7]/D
  Path Group:             (none)
  Path Type:              Min at Fast Process Corner
  Data Path Delay:        0.275ns  (logic 0.141ns (51.273%)  route 0.134ns (48.727%))
  Logic Levels:           1  (FDRE=1)

    Location             Delay type                Incr(ns)  Path(ns)    Netlist Resource(s)
  -------------------------------------------------------------------    -------------------
    SLICE_X0Y65          FDRE                         0.000     0.000 r  SHIFT_REG_reg[6]/C
    SLICE_X0Y65          FDRE (Prop_fdre_C_Q)         0.141     0.141 r  SHIFT_REG_reg[6]/Q
                         net (fo=2, routed)           0.134     0.275    led_OBUF[6]
    SLICE_X0Y67          FDRE                                         r  SHIFT_REG_reg[7]/D
  -------------------------------------------------------------------    -------------------

Slack:                    inf
  Source:                 SHIFT_REG_reg[5]/C
                            (rising edge-triggered cell FDRE)
  Destination:            SHIFT_REG_reg[6]/D
  Path Group:             (none)
  Path Type:              Min at Fast Process Corner
  Data Path Delay:        0.320ns  (logic 0.141ns (44.043%)  route 0.179ns (55.957%))
  Logic Levels:           1  (FDRE=1)

    Location             Delay type                Incr(ns)  Path(ns)    Netlist Resource(s)
  -------------------------------------------------------------------    -------------------
    SLICE_X1Y65          FDRE                         0.000     0.000 r  SHIFT_REG_reg[5]/C
    SLICE_X1Y65          FDRE (Prop_fdre_C_Q)         0.141     0.141 r  SHIFT_REG_reg[5]/Q
                         net (fo=2, routed)           0.179     0.320    led_OBUF[5]
    SLICE_X0Y65          FDRE                                         r  SHIFT_REG_reg[6]/D
  -------------------------------------------------------------------    -------------------

Slack:                    inf
  Source:                 SHIFT_REG_reg[13]/C
                            (rising edge-triggered cell FDRE)
  Destination:            SHIFT_REG_reg[14]/D
  Path Group:             (none)
  Path Type:              Min at Fast Process Corner
  Data Path Delay:        0.324ns  (logic 0.141ns (43.556%)  route 0.183ns (56.444%))
  Logic Levels:           1  (FDRE=1)

    Location             Delay type                Incr(ns)  Path(ns)    Netlist Resource(s)
  -------------------------------------------------------------------    -------------------
    SLICE_X0Y58          FDRE                         0.000     0.000 r  SHIFT_REG_reg[13]/C
    SLICE_X0Y58          FDRE (Prop_fdre_C_Q)         0.141     0.141 r  SHIFT_REG_reg[13]/Q
                         net (fo=2, routed)           0.183     0.324    led_OBUF[13]
    SLICE_X0Y58          FDRE                                         r  SHIFT_REG_reg[14]/D
  -------------------------------------------------------------------    -------------------

Slack:                    inf
  Source:                 SHIFT_REG_reg[0]/C
                            (rising edge-triggered cell FDRE)
  Destination:            SHIFT_REG_reg[1]_lopt_replica/D
  Path Group:             (none)
  Path Type:              Min at Fast Process Corner
  Data Path Delay:        0.327ns  (logic 0.141ns (43.113%)  route 0.186ns (56.887%))
  Logic Levels:           1  (FDRE=1)

    Location             Delay type                Incr(ns)  Path(ns)    Netlist Resource(s)
  -------------------------------------------------------------------    -------------------
    SLICE_X0Y101         FDRE                         0.000     0.000 r  SHIFT_REG_reg[0]/C
    SLICE_X0Y101         FDRE (Prop_fdre_C_Q)         0.141     0.141 r  SHIFT_REG_reg[0]/Q
                         net (fo=3, routed)           0.186     0.327    led_OBUF[0]
    SLICE_X0Y101         FDRE                                         r  SHIFT_REG_reg[1]_lopt_replica/D
  -------------------------------------------------------------------    -------------------

Slack:                    inf
  Source:                 SHIFT_REG_reg[1]/C
                            (rising edge-triggered cell FDRE)
  Destination:            SHIFT_REG_reg[2]_lopt_replica/D
  Path Group:             (none)
  Path Type:              Min at Fast Process Corner
  Data Path Delay:        0.337ns  (logic 0.141ns (41.847%)  route 0.196ns (58.153%))
  Logic Levels:           1  (FDRE=1)

    Location             Delay type                Incr(ns)  Path(ns)    Netlist Resource(s)
  -------------------------------------------------------------------    -------------------
    SLICE_X0Y104         FDRE                         0.000     0.000 r  SHIFT_REG_reg[1]/C
    SLICE_X0Y104         FDRE (Prop_fdre_C_Q)         0.141     0.141 r  SHIFT_REG_reg[1]/Q
                         net (fo=2, routed)           0.196     0.337    led_OBUF[1]
    SLICE_X0Y107         FDRE                                         r  SHIFT_REG_reg[2]_lopt_replica/D
  -------------------------------------------------------------------    -------------------





